../BBCZ80/HOOK.asm:
     1                          ;
     2                          
     3                          	SECTION BASIC
     4                          
     5                          	GLOBAL	CLG
     6                          	GLOBAL	COLOUR
     7                          	GLOBAL	DRAW
     8                          	GLOBAL	ENVEL
     9                          	GLOBAL	GCOL
    10                          	GLOBAL	MODE
    11                          	GLOBAL	MOVE
    12                          	GLOBAL	PLOT
    13                          	GLOBAL	SOUND
    14                          	GLOBAL	PUTIMS
    15                          	GLOBAL	CIRCLE
    16                          	GLOBAL	ELLIPS
    17                          	GLOBAL	FILL
    18                          	GLOBAL	MOUSE
    19                          	GLOBAL	ORIGIN
    20                          	GLOBAL	RECTAN
    21                          	GLOBAL	LINE
    22                          	GLOBAL	TINT
    23                          	GLOBAL	WAIT
    24                          	GLOBAL	SYS
    25                          	GLOBAL	CSRON
    26                          	GLOBAL	CSROFF
    27                          ;
    28                          	GLOBAL	ADVAL
    29                          	GLOBAL	POINT
    30                          	GLOBAL	GETIMS
    31                          	GLOBAL	TINTFN
    32                          	GLOBAL	MODEFN
    33                          	GLOBAL	WIDFN
    34                          ;
    35                          	EXTERN	EXTERR
    36                          ;
    37                          CLG:
    38                          COLOUR:
    39                          DRAW:
    40                          ENVEL:
    41                          GCOL:
    42                          MOVE:
    43                          PLOT:
    44                          SOUND:
    45                          ADVAL:
    46                          POINT:
    47                          GETIMS:
    48                          PUTIMS:
    49                          CIRCLE:
    50                          ELLIPS:
    51                          FILL:
    52                          MOUSE:
    53                          ORIGIN:
    54                          RECTAN:
    55                          LINE:
    56                          TINT:
    57                          TINTFN:
    58                          MODEFN:
    59                          WIDFN:
    60                          WAIT:
    61                          SYS:
    62                          CSRON:
    63                          CSROFF:
    64  0000  af                	XOR	A
    65  0001  cd0000            	CALL	EXTERR
    66  0004  536f727279        	DEFM	"Sorry"
    67  0009  00                	DEFB	0
    68                          ;
    69                          	;END
    70                          
